The files belonging to this database system will be owned by user "hp".
This user must also own the server process.


The database cluster will be initialized with locale "C".
The default text search configuration will be set to "english".

Data page checksums are enabled.

creating directory C:/Users/hp/kanaan-hub/whatsapp-backend/sim/.pgdata ... 
ok

creating subdirectories ... 
ok

selecting dynamic shared memory implementation ... windows

selecting default "max_connections" ... 
100
selecting default "shared_buffers" ... 
128MB
selecting default time zone ... 
Asia/Calcutta
creating configuration files ... 
ok
running bootstrap script ... 
ok

performing post-bootstrap initialization ... 
ok
syncing data to disk ... 
ok


Success. You can now start the database server using:

    ^"C^:^\Users^\hp^\kanaan^-hub^\whatsapp^-backend^\sim^\node^_modules^\^@embedded^-postgres^\windows^-x64^\native^\bin^\pg^_ctl^" -D C:/Users/hp/kanaan-hub/whatsapp-backend/sim/.pgdata -l logfile start


2026-10-01 11:54:23.855 IST [9552] LOG:  starting PostgreSQL 18.4 on x86_64-windows, compiled by msvc-19.44.35226, 64-bit

2026-10-01 11:54:23.860 IST [9552] LOG:  listening on IPv6 address "::1", port 55432

2026-10-01 11:54:23.860 IST [9552] LOG:  listening on IPv4 address "127.0.0.1", port 55432

2026-10-01 11:54:23.965 IST [12728] LOG:  database system was shut down at 2026-10-01 11:54:20 IST

2026-10-01 11:54:23.992 IST [9552] LOG:  database system is ready to accept connections

READY postgresql://postgres:sim@127.0.0.1:55432
2026-10-01 11:54:30.914 IST [15692] LOG:  could not receive data from client: An existing connection was forcibly closed by the remote host.
	

2026-10-01 11:59:23.943 IST [18804] LOG:  checkpoint starting: time

2026-10-01 12:03:31.696 IST [18804] LOG:  checkpoint complete: wrote 2260 buffers (13.8%), wrote 3 SLRU buffers; 0 WAL file(s) added, 0 removed, 1 recycled; write=247.308 s, sync=0.432 s, total=247.754 s; sync files=811, longest=0.002 s, average=0.001 s; distance=11785 kB, estimate=11785 kB; lsn=0/2373A50, redo lsn=0/23739C0

